../Core/Src/main.c:72:6:robot_setSpeed	16	static
../Core/Src/main.c:109:6:robot_PIDCalib	8	static
../Core/Src/main.c:128:9:sensor_writeLED	16	static
../Core/Src/main.c:148:6:robot_setRGB	16	static
../Core/Src/main.c:155:6:robot_beepLong	16	static
../Core/Src/main.c:162:6:robot_setBuzzer	24	static
../Core/Src/main.c:171:6:resetBuffer	16	static
../Core/Src/main.c:183:6:prepareToSend	16	static
../Core/Src/main.c:205:6:assignData	16	static
../Core/Src/main.c:226:6:robot_readFlash	16	static
../Core/Src/main.c:235:6:robot_writeFlash	48	static
../Core/Src/main.c:259:6:robot_init	8	static
../Core/Src/main.c:294:6:button_handle	16	static
../Core/Src/main.c:329:6:HAL_UART_RxCpltCallback	16	static
../Core/Src/main.c:364:5:main	24	static
../Core/Src/main.c:481:6:SystemClock_Config	88	static
../Core/Src/main.c:528:13:MX_ADC1_Init	24	static
../Core/Src/main.c:602:13:MX_TIM2_Init	48	static
../Core/Src/main.c:663:13:MX_TIM3_Init	32	static
../Core/Src/main.c:708:13:MX_TIM4_Init	32	static
../Core/Src/main.c:753:13:MX_USART1_UART_Init	8	static
../Core/Src/main.c:784:13:MX_DMA_Init	16	static
../Core/Src/main.c:802:13:MX_GPIO_Init	40	static
../Core/Src/main.c:871:6:HAL_TIM_PeriodElapsedCallback	16	static
../Core/Src/main.c:926:6:Error_Handler	4	static,ignoring_inline_asm
