../Core/Src/main.c:119:6:robot_setSpeed	16	static
../Core/Src/main.c:156:6:robot_PIDCalib	8	static
../Core/Src/main.c:175:9:sensor_writeLED	16	static
../Core/Src/main.c:195:6:robot_setRGB	16	static
../Core/Src/main.c:202:6:robot_beepLong	16	static
../Core/Src/main.c:209:6:robot_setBuzzer	24	static
../Core/Src/main.c:218:6:resetBuffer	16	static
../Core/Src/main.c:230:6:prepareToSend	16	static
../Core/Src/main.c:252:6:assignData	16	static
../Core/Src/main.c:273:6:robot_readFlash	16	static
../Core/Src/main.c:282:6:robot_writeFlash	48	static
../Core/Src/main.c:306:6:robot_init	8	static
../Core/Src/main.c:341:6:button_handle	16	static
../Core/Src/main.c:376:6:HAL_UART_RxCpltCallback	16	static
../Core/Src/main.c:411:5:main	24	static
../Core/Src/main.c:528:6:SystemClock_Config	88	static
../Core/Src/main.c:575:13:MX_ADC1_Init	24	static
../Core/Src/main.c:649:13:MX_TIM2_Init	48	static
../Core/Src/main.c:710:13:MX_TIM3_Init	32	static
../Core/Src/main.c:755:13:MX_TIM4_Init	32	static
../Core/Src/main.c:800:13:MX_USART1_UART_Init	8	static
../Core/Src/main.c:831:13:MX_DMA_Init	16	static
../Core/Src/main.c:849:13:MX_GPIO_Init	40	static
../Core/Src/main.c:918:6:HAL_TIM_PeriodElapsedCallback	16	static
../Core/Src/main.c:973:6:Error_Handler	4	static,ignoring_inline_asm
