../Core/Src/main.c:72:6:robot_setDirection	16	static
../Core/Src/main.c:79:6:robot_setParam	24	static
../Core/Src/main.c:86:6:robot_setSpeed	16	static
../Core/Src/main.c:179:6:robot_PIDCalib	16	static
../Core/Src/main.c:204:9:sensor_writeLED	16	static
../Core/Src/main.c:224:6:robot_setRGB	16	static
../Core/Src/main.c:231:6:robot_beepLong	16	static
../Core/Src/main.c:238:6:robot_setBuzzer	24	static
../Core/Src/main.c:247:6:resetBuffer	16	static
../Core/Src/main.c:259:6:prepareToSend	24	static
../Core/Src/main.c:335:6:assignData	24	static
../Core/Src/main.c:409:6:robot_readFlash	16	static
../Core/Src/main.c:417:6:robot_writeFlash	48	static
../Core/Src/main.c:436:6:robot_init	8	static
../Core/Src/main.c:472:6:button_handle	16	static
../Core/Src/main.c:518:6:HAL_UART_RxCpltCallback	16	static
../Core/Src/main.c:555:5:main	24	static
../Core/Src/main.c:689:6:SystemClock_Config	88	static
../Core/Src/main.c:736:13:MX_ADC1_Init	24	static
../Core/Src/main.c:810:13:MX_TIM2_Init	48	static
../Core/Src/main.c:871:13:MX_TIM3_Init	32	static
../Core/Src/main.c:916:13:MX_TIM4_Init	32	static
../Core/Src/main.c:961:13:MX_USART1_UART_Init	8	static
../Core/Src/main.c:992:13:MX_DMA_Init	16	static
../Core/Src/main.c:1010:13:MX_GPIO_Init	40	static
../Core/Src/main.c:1079:6:HAL_TIM_PeriodElapsedCallback	16	static
../Core/Src/main.c:1139:6:Error_Handler	4	static,ignoring_inline_asm
