../Core/Src/main.c:72:6:robot_setDirection	16	static
../Core/Src/main.c:79:6:robot_setParam	24	static
../Core/Src/main.c:86:6:robot_setSpeed	16	static
../Core/Src/main.c:179:6:robot_PIDCalib	16	static
../Core/Src/main.c:217:9:sensor_writeLED	16	static
../Core/Src/main.c:237:6:robot_setRGB	16	static
../Core/Src/main.c:244:6:robot_beepLong	16	static
../Core/Src/main.c:251:6:robot_setBuzzer	24	static
../Core/Src/main.c:260:6:resetBuffer	16	static
../Core/Src/main.c:272:6:prepareToSend	16	static
../Core/Src/main.c:297:6:assignData	16	static
../Core/Src/main.c:321:6:robot_readFlash	16	static
../Core/Src/main.c:329:6:robot_writeFlash	48	static
../Core/Src/main.c:348:6:robot_init	8	static
../Core/Src/main.c:384:6:button_handle	16	static
../Core/Src/main.c:415:6:HAL_UART_RxCpltCallback	16	static
../Core/Src/main.c:450:5:main	24	static
../Core/Src/main.c:577:6:SystemClock_Config	88	static
../Core/Src/main.c:624:13:MX_ADC1_Init	24	static
../Core/Src/main.c:698:13:MX_TIM2_Init	48	static
../Core/Src/main.c:759:13:MX_TIM3_Init	32	static
../Core/Src/main.c:804:13:MX_TIM4_Init	32	static
../Core/Src/main.c:849:13:MX_USART1_UART_Init	8	static
../Core/Src/main.c:880:13:MX_DMA_Init	16	static
../Core/Src/main.c:898:13:MX_GPIO_Init	40	static
../Core/Src/main.c:967:6:HAL_TIM_PeriodElapsedCallback	16	static
../Core/Src/main.c:1029:6:Error_Handler	4	static,ignoring_inline_asm
