../Core/Src/main.c:72:6:robot_setDirection	16	static
../Core/Src/main.c:78:6:robot_setSpeed	16	static
../Core/Src/main.c:171:6:robot_PIDCalib	16	static
../Core/Src/main.c:190:9:sensor_writeLED	16	static
../Core/Src/main.c:210:6:robot_setRGB	16	static
../Core/Src/main.c:217:6:robot_beepLong	16	static
../Core/Src/main.c:224:6:robot_setBuzzer	24	static
../Core/Src/main.c:233:6:resetBuffer	16	static
../Core/Src/main.c:245:6:prepareToSend	16	static
../Core/Src/main.c:267:6:assignData	16	static
../Core/Src/main.c:288:6:robot_readFlash	16	static
../Core/Src/main.c:296:6:robot_writeFlash	48	static
../Core/Src/main.c:316:6:robot_init	8	static
../Core/Src/main.c:353:6:button_handle	16	static
../Core/Src/main.c:384:6:HAL_UART_RxCpltCallback	16	static
../Core/Src/main.c:419:5:main	24	static
../Core/Src/main.c:546:6:SystemClock_Config	88	static
../Core/Src/main.c:593:13:MX_ADC1_Init	24	static
../Core/Src/main.c:667:13:MX_TIM2_Init	48	static
../Core/Src/main.c:728:13:MX_TIM3_Init	32	static
../Core/Src/main.c:773:13:MX_TIM4_Init	32	static
../Core/Src/main.c:818:13:MX_USART1_UART_Init	8	static
../Core/Src/main.c:849:13:MX_DMA_Init	16	static
../Core/Src/main.c:867:13:MX_GPIO_Init	40	static
../Core/Src/main.c:936:6:HAL_TIM_PeriodElapsedCallback	16	static
../Core/Src/main.c:991:6:Error_Handler	4	static,ignoring_inline_asm
