../Core/Src/main.c:72:6:robot_setDirection	16	static
../Core/Src/main.c:78:6:robot_setParam	24	static
../Core/Src/main.c:85:6:robot_setSpeed	16	static
../Core/Src/main.c:178:6:robot_PIDCalib	16	static
../Core/Src/main.c:197:9:sensor_writeLED	16	static
../Core/Src/main.c:217:6:robot_setRGB	16	static
../Core/Src/main.c:224:6:robot_beepLong	16	static
../Core/Src/main.c:231:6:robot_setBuzzer	24	static
../Core/Src/main.c:240:6:resetBuffer	16	static
../Core/Src/main.c:252:6:prepareToSend	16	static
../Core/Src/main.c:274:6:assignData	16	static
../Core/Src/main.c:295:6:robot_readFlash	16	static
../Core/Src/main.c:303:6:robot_writeFlash	48	static
../Core/Src/main.c:323:6:robot_init	8	static
../Core/Src/main.c:359:6:button_handle	16	static
../Core/Src/main.c:390:6:HAL_UART_RxCpltCallback	16	static
../Core/Src/main.c:425:5:main	24	static
../Core/Src/main.c:552:6:SystemClock_Config	88	static
../Core/Src/main.c:599:13:MX_ADC1_Init	24	static
../Core/Src/main.c:673:13:MX_TIM2_Init	48	static
../Core/Src/main.c:734:13:MX_TIM3_Init	32	static
../Core/Src/main.c:779:13:MX_TIM4_Init	32	static
../Core/Src/main.c:824:13:MX_USART1_UART_Init	8	static
../Core/Src/main.c:855:13:MX_DMA_Init	16	static
../Core/Src/main.c:873:13:MX_GPIO_Init	40	static
../Core/Src/main.c:942:6:HAL_TIM_PeriodElapsedCallback	16	static
../Core/Src/main.c:1004:6:Error_Handler	4	static,ignoring_inline_asm
